student@T11:~$ cd asha_repo
student@T11:~/asha_repo$ git init myrepo2
Initialized empty Git repository in /home/student/asha_repo/myrepo2/.git/
student@T11:~/asha_repo$ git status
fatal: not a git repository (or any of the parent directories): .git
student@T11:~/asha_repo$ gedit myfile2.txt
student@T11:~/asha_repo$ git status
fatal: not a git repository (or any of the parent directories): .git
student@T11:~/asha_repo$ gedit myfile2.txt
student@T11:~/asha_repo$ git status
fatal: not a git repository (or any of the parent directories): .git
student@T11:~/asha_repo$ cd myrepo2
student@T11:~/asha_repo/myrepo2$ gedit myfile2.txt
student@T11:~/asha_repo/myrepo2$ git status
On branch master

No commits yet

Untracked files:
  (use "git add <file>..." to include in what will be committed)

	myfile2.txt

nothing added to commit but untracked files present (use "git add" to track)
student@T11:~/asha_repo/myrepo2$ git commit -m "myfile2 commit"
On branch master

Initial commit

Untracked files:
	myfile2.txt

nothing added to commit but untracked files present
student@T11:~/asha_repo/myrepo2$ git config --global user.email "ashamarysibi@mca.ajce.in"
student@T11:~/asha_repo/myrepo2$ git config --global user.name "ashamarysibi"
student@T11:~/asha_repo/myrepo2$ git commit -m "myfile2 commit"
On branch master

Initial commit

Untracked files:
	myfile2.txt

nothing added to commit but untracked files present
student@T11:~/asha_repo/myrepo2$ git add myfile2.txt
student@T11:~/asha_repo/myrepo2$ git commit -m "myfile2 commit"
[master (root-commit) 6959ee7] myfile2 commit
 1 file changed, 2 insertions(+)
 create mode 100644 myfile2.txt
student@T11:~/asha_repo/myrepo2$ git push origin master
fatal: 'origin' does not appear to be a git repository
fatal: Could not read from remote repository.

Please make sure you have the correct access rights
and the repository exists.
student@T11:~/asha_repo/myrepo2$ ^C
student@T11:~/asha_repo/myrepo2$ git push myrepo2 master
fatal: 'myrepo2' does not appear to be a git repository
fatal: Could not read from remote repository.

Please make sure you have the correct access rights
and the repository exists.
student@T11:~/asha_repo/myrepo2$ git  push -u  newrepo  master
fatal: 'newrepo' does not appear to be a git repository
fatal: Could not read from remote repository.

Please make sure you have the correct access rights
and the repository exists.
student@T11:~/asha_repo/myrepo2$ git remote add origin https://github.com/ashamarysibi/newrepo.git
student@T11:~/asha_repo/myrepo2$ git  push -u origin  master
Username for 'https://github.com': ashamarysibi@mca.ajce.in
Password for 'https://ashamarysibi@mca.ajce.in@github.com': 
remote: Invalid username or password.
fatal: Authentication failed for 'https://github.com/ashamarysibi/newrepo.git/'
student@T11:~/asha_repo/myrepo2$ git  push -u origin  master
Username for 'https://github.com': ashamarysibi@mca.ajce.in
Password for 'https://ashamarysibi@mca.ajce.in@github.com': 
remote: Invalid username or password.
fatal: Authentication failed for 'https://github.com/ashamarysibi/newrepo.git/'
student@T11:~/asha_repo/myrepo2$ git  push -u origin  master
Username for 'https://github.com': ashamarysibi
Password for 'https://ashamarysibi@github.com': 
Counting objects: 3, done.
Writing objects: 100% (3/3), 226 bytes | 226.00 KiB/s, done.
Total 3 (delta 0), reused 0 (delta 0)
To https://github.com/ashamarysibi/newrepo.git
 * [new branch]      master -> master
Branch 'master' set up to track remote branch 'master' from 'origin'.
student@T11:~/asha_repo/myrepo2$ git branch branch2
student@T11:~/asha_repo/myrepo2$ git branch
  branch2
* master
student@T11:~/asha_repo/myrepo2$ git checkout branch2
Switched to branch 'branch2'
student@T11:~/asha_repo/myrepo2$ git add *
student@T11:~/asha_repo/myrepo2$ git commit -m "commit for branch"
On branch branch2
nothing to commit, working tree clean
student@T11:~/asha_repo/myrepo2$ git push origin branch2
Username for 'https://github.com': ashamarysibi
Password for 'https://ashamarysibi@github.com': 
Total 0 (delta 0), reused 0 (delta 0)
remote: 
remote: Create a pull request for 'branch2' on GitHub by visiting:
remote:      https://github.com/ashamarysibi/newrepo/pull/new/branch2
remote: 
To https://github.com/ashamarysibi/newrepo.git
 * [new branch]      branch2 -> branch2
student@T11:~/asha_repo/myrepo2$ git pull origin branch2
Username for 'https://github.com': ashamarysibi
Password for 'https://ashamarysibi@github.com': 
From https://github.com/ashamarysibi/newrepo
 * branch            branch2    -> FETCH_HEAD
Already up to date.
student@T11:~/asha_repo/myrepo2$ git diff
student@T11:~/asha_repo/myrepo2$ gedit myfile2.txt
student@T11:~/asha_repo/myrepo2$ git diff
diff --git a/myfile2.txt b/myfile2.txt
index bcb36e0..47c7738 100644
--- a/myfile2.txt
+++ b/myfile2.txt
@@ -1,2 +1,3 @@
 hellooo
 haiiii
+how are you
student@T11:~/asha_repo/myrepo2$ git log
commit 6959ee77752a5098566c7c4ad5df7507a8806333 (HEAD -> branch2, origin/master, origin/branch2, master)
Author: ashamarysibi <ashamarysibi@mca.ajce.in>
Date:   Mon Apr 8 11:45:25 2019 +0530

    myfile2 commit
student@T11:~/asha_repo/myrepo2$ git checkout master
M	myfile2.txt
Switched to branch 'master'
Your branch is up to date with 'origin/master'.
student@T11:~/asha_repo/myrepo2$ git branch
  branch2
* master
student@T11:~/asha_repo/myrepo2$ git branch -d branch2
Deleted branch branch2 (was 6959ee7).
student@T11:~/asha_repo/myrepo2$ git branch
* master
student@T11:~/asha_repo/myrepo2$ git branch newbranch
student@T11:~/asha_repo/myrepo2$ git branch
* master
  newbranch
student@T11:~/asha_repo/myrepo2$ git checkout newbranch
M	myfile2.txt
Switched to branch 'newbranch'
student@T11:~/asha_repo/myrepo2$ git add *
student@T11:~/asha_repo/myrepo2$ git commit -m "commit for branch"
[newbranch 0e3f36f] commit for branch
 1 file changed, 1 insertion(+)
student@T11:~/asha_repo/myrepo2$ git push origin newbranch
Username for 'https://github.com': ashamarysibi
Password for 'https://ashamarysibi@github.com': 
Counting objects: 3, done.
Writing objects: 100% (3/3), 269 bytes | 269.00 KiB/s, done.
Total 3 (delta 0), reused 0 (delta 0)
remote: 
remote: Create a pull request for 'newbranch' on GitHub by visiting:
remote:      https://github.com/ashamarysibi/newrepo/pull/new/newbranch
remote: 
To https://github.com/ashamarysibi/newrepo.git
 * [new branch]      newbranch -> newbranch
student@T11:~/asha_repo/myrepo2$ git branch newbranch2
student@T11:~/asha_repo/myrepo2$ git merge newbranch2
Already up to date.
student@T11:~/asha_repo/myrepo2$ git clone https://github.com/ashamarysibi/newrepo.git
Cloning into 'newrepo'...
Username for 'https://github.com': ashamarysibi
Password for 'https://ashamarysibi@github.com': 
remote: Enumerating objects: 6, done.
remote: Counting objects: 100% (6/6), done.
remote: Compressing objects: 100% (2/2), done.
remote: Total 6 (delta 0), reused 6 (delta 0), pack-reused 0
Unpacking objects: 100% (6/6), done.
student@T11:~/asha_repo/myrepo2$ git fetch origin newbranch2
Username for 'https://github.com': ashamarysibi
Password for 'https://ashamarysibi@github.com': 
fatal: Couldn't find remote ref newbranch2
student@T11:~/asha_repo/myrepo2$ git fetch origin newbranch
Username for 'https://github.com': ashamarysibi
Password for 'https://ashamarysibi@github.com': 
From https://github.com/ashamarysibi/newrepo
 * branch            newbranch  -> FETCH_HEAD
student@T11:~/asha_repo/myrepo2$ git merge origin/master
Already up to date.
student@T11:~/asha_repo/myrepo2$ git pull origin newbranch
Username for 'https://github.com': ashamarysibi
Password for 'https://ashamarysibi@github.com': 
From https://github.com/ashamarysibi/newrepo
 * branch            newbranch  -> FETCH_HEAD
Already up to date.
student@T11:~/asha_repo/myrepo2$ git pull origin branch2
Username for 'https://github.com': ashamarysibi
Password for 'https://ashamarysibi@github.com': 
remote: Invalid username or password.
fatal: Authentication failed for 'https://github.com/ashamarysibi/newrepo.git/'
student@T11:~/asha_repo/myrepo2$ git pull origin branch2
Username for 'https://github.com': ashamarysibi
Password for 'https://ashamarysibi@github.com': 
From https://github.com/ashamarysibi/newrepo
 * branch            branch2    -> FETCH_HEAD
Already up to date.
student@T11:~/asha_repo/myrepo2$ git pull origin newbranch
Username for 'https://github.com': ashamarysibi
Password for 'https://ashamarysibi@github.com': 
remote: Enumerating objects: 5, done.
remote: Counting objects: 100% (5/5), done.
remote: Total 3 (delta 0), reused 0 (delta 0), pack-reused 0
Unpacking objects: 100% (3/3), done.
From https://github.com/ashamarysibi/newrepo
 * branch            newbranch  -> FETCH_HEAD
   0e3f36f..ecae19f  newbranch  -> origin/newbranch
Updating 0e3f36f..ecae19f
Fast-forward
 myfile2.txt | 1 +
 1 file changed, 1 insertion(+)
student@T11:~/asha_repo/myrepo2$ git merge branch2
merge: branch2 - not something we can merge

Did you mean this?
	origin/branch2
student@T11:~/asha_repo/myrepo2$ 

