student@T11:~$ cd asha_repo
student@T11:~/asha_repo$ git init repo3
Initialized empty Git repository in /home/student/asha_repo/repo3/.git/
student@T11:~/asha_repo$ gedit file3.txt
student@T11:~/asha_repo$ git status
fatal: not a git repository (or any of the parent directories): .git
student@T11:~/asha_repo$ cd repo3
student@T11:~/asha_repo/repo3$ gedit file3.txt
student@T11:~/asha_repo/repo3$ git status
On branch master

No commits yet

Untracked files:
  (use "git add <file>..." to include in what will be committed)

	file3.txt

nothing added to commit but untracked files present (use "git add" to track)
student@T11:~/asha_repo/repo3$ git add repo3.txt
fatal: pathspec 'repo3.txt' did not match any files
student@T11:~/asha_repo/repo3$ git add file3.txt
student@T11:~/asha_repo/repo3$ git commit -m file3.txt
[master (root-commit) c275ebc] file3.txt
 1 file changed, 1 insertion(+)
 create mode 100644 file3.txt
student@T11:~/asha_repo/repo3$ git push repo3 master
fatal: 'repo3' does not appear to be a git repository
fatal: Could not read from remote repository.

Please make sure you have the correct access rights
and the repository exists.
student@T11:~/asha_repo/repo3$ git push -u repo3 master
fatal: 'repo3' does not appear to be a git repository
fatal: Could not read from remote repository.

Please make sure you have the correct access rights
and the repository exists.
student@T11:~/asha_repo/repo3$ git push -u origin  master
fatal: 'origin' does not appear to be a git repository
fatal: Could not read from remote repository.

Please make sure you have the correct access rights
and the repository exists.
student@T11:~/asha_repo/repo3$ git remote add origin https://github.com/ashamarysibi/repo3.git
student@T11:~/asha_repo/repo3$ git push -u origin master
Username for 'https://github.com': ashamarysibi
Password for 'https://ashamarysibi@github.com': 
Counting objects: 3, done.
Writing objects: 100% (3/3), 227 bytes | 227.00 KiB/s, done.
Total 3 (delta 0), reused 0 (delta 0)
To https://github.com/ashamarysibi/repo3.git
 * [new branch]      master -> master
Branch 'master' set up to track remote branch 'master' from 'origin'.
student@T11:~/asha_repo/repo3$ git pull origin
Username for 'https://github.com': ashamarysibi
Password for 'https://ashamarysibi@github.com': 
remote: Enumerating objects: 5, done.
remote: Counting objects: 100% (5/5), done.
remote: Total 3 (delta 0), reused 0 (delta 0), pack-reused 0
Unpacking objects: 100% (3/3), done.
From https://github.com/ashamarysibi/repo3
   c275ebc..27eaa0b  master     -> origin/master
Updating c275ebc..27eaa0b
Fast-forward
 file3.txt | 1 +
 1 file changed, 1 insertion(+)
student@T11:~/asha_repo/repo3$ git push origin master
Username for 'https://github.com': ashamarysibi
Password for 'https://ashamarysibi@github.com': 
Everything up-to-date
student@T11:~/asha_repo/repo3$ git clone https://github.com/ashamarysibi/repo3.git
Cloning into 'repo3'...
Username for 'https://github.com': ashamarysibi
Password for 'https://ashamarysibi@github.com': 
remote: Enumerating objects: 6, done.
remote: Counting objects: 100% (6/6), done.
remote: Compressing objects: 100% (2/2), done.
remote: Total 6 (delta 0), reused 3 (delta 0), pack-reused 0
Unpacking objects: 100% (6/6), done.
student@T11:~/asha_repo/repo3$ git commit -m "file3 is commiting"
On branch master
Your branch is up to date with 'origin/master'.

Changes not staged for commit:
	modified:   file3.txt

Untracked files:
	repo3/

no changes added to commit
student@T11:~/asha_repo/repo3$ git push  origin master
Username for 'https://github.com': ashamarysibi
Password for 'https://ashamarysibi@github.com': 
Everything up-to-date
student@T11:~/asha_repo/repo3$ git push -u  origin master
Username for 'https://github.com': ashamarysibi
Password for 'https://ashamarysibi@github.com': 
Branch 'master' set up to track remote branch 'master' from 'origin'.
Everything up-to-date
student@T11:~/asha_repo/repo3$ git log
commit 27eaa0b5bade0c3bd16a291dc7dc5d51d569602f (HEAD -> master, origin/master)
Author: ashamarysibi <48616838+ashamarysibi@users.noreply.github.com>
Date:   Thu Apr 11 14:39:26 2019 +0530

    Update file3.txt

commit c275ebc9d3b188bc4e670f87c61cc5619f57ed92
Author: ashamarysibi <ashamarysibi@mca.ajce.in>
Date:   Thu Apr 11 14:31:44 2019 +0530

    file3.txt
student@T11:~/asha_repo/repo3$ git revert
usage: git revert [<options>] <commit-ish>...
   or: git revert <subcommand>

    --quit                end revert or cherry-pick sequence
    --continue            resume revert or cherry-pick sequence
    --abort               cancel revert or cherry-pick sequence
    -n, --no-commit       don't automatically commit
    -e, --edit            edit the commit message
    -s, --signoff         add Signed-off-by:
    -m, --mainline <parent-number>
                          select mainline parent
    --rerere-autoupdate   update the index with reused conflict resolution if possible
    --strategy <strategy>
                          merge strategy
    -X, --strategy-option <option>
                          option for merge strategy
    -S, --gpg-sign[=<key-id>]
                          GPG sign commit

student@T11:~/asha_repo/repo3$ git revert -e
usage: git revert [<options>] <commit-ish>...
   or: git revert <subcommand>

    --quit                end revert or cherry-pick sequence
    --continue            resume revert or cherry-pick sequence
    --abort               cancel revert or cherry-pick sequence
    -n, --no-commit       don't automatically commit
    -e, --edit            edit the commit message
    -s, --signoff         add Signed-off-by:
    -m, --mainline <parent-number>
                          select mainline parent
    --rerere-autoupdate   update the index with reused conflict resolution if possible
    --strategy <strategy>
                          merge strategy
    -X, --strategy-option <option>
                          option for merge strategy
    -S, --gpg-sign[=<key-id>]
                          GPG sign commit

student@T11:~/asha_repo/repo3$ git fetch
Username for 'https://github.com': ashamarysibi
Password for 'https://ashamarysibi@github.com': 
remote: Enumerating objects: 5, done.
remote: Counting objects: 100% (5/5), done.
remote: Total 3 (delta 0), reused 0 (delta 0), pack-reused 0
Unpacking objects: 100% (3/3), done.
From https://github.com/ashamarysibi/repo3
   27eaa0b..01d3843  master     -> origin/master
student@T11:~/asha_repo/repo3$ git diff
diff --git a/file3.txt b/file3.txt
index 60f4edc..6fb33f5 100644
--- a/file3.txt
+++ b/file3.txt
@@ -1,2 +1,3 @@
 welcome to file3
 helooo
+how are you
student@T11:~/asha_repo/repo3$ git merge
Updating 27eaa0b..01d3843
error: Your local changes to the following files would be overwritten by merge:
	file3.txt
Please commit your changes or stash them before you merge.
Aborting
student@T11:~/asha_repo/repo3$ git merge master
Already up to date.
student@T11:~/asha_repo/repo3$ git fetch
Username for 'https://github.com': ashamarysibi
Password for 'https://ashamarysibi@github.com': 
student@T11:~/asha_repo/repo3$ git merge master
Already up to date.
student@T11:~/asha_repo/repo3$ git fetch
Username for 'https://github.com': ashamarysi^C
student@T11:~/asha_repo/repo3$ git fetch origin
Username for 'https://github.com': ashamarysibi
Password for 'https://ashamarysibi@github.com': 
student@T11:~/asha_repo/repo3$ git merge origin  master
merge: origin - not something we can merge
student@T11:~/asha_repo/repo3$ git fetch origin master
Username for 'https://github.com': ashamarysibi
Password for 'https://ashamarysibi@github.com': 
remote: Enumerating objects: 5, done.
remote: Counting objects: 100% (5/5), done.
remote: Total 3 (delta 0), reused 0 (delta 0), pack-reused 0
Unpacking objects: 100% (3/3), done.
From https://github.com/ashamarysibi/repo3
 * branch            master     -> FETCH_HEAD
   01d3843..d9ca44c  master     -> origin/master
student@T11:~/asha_repo/repo3$ git merge origin/master
Updating 27eaa0b..d9ca44c
error: Your local changes to the following files would be overwritten by merge:
	file3.txt
Please commit your changes or stash them before you merge.
Aborting
student@T11:~/asha_repo/repo3$ git add *
warning: adding embedded git repository: repo3
hint: You've added another git repository inside your current repository.
hint: Clones of the outer repository will not contain the contents of
hint: the embedded repository and will not know how to obtain it.
hint: If you meant to add a submodule, use:
hint: 
hint: 	git submodule add <url> repo3
hint: 
hint: If you added this path by mistake, you can remove it from the
hint: index with:
hint: 
hint: 	git rm --cached repo3
hint: 
hint: See "git help submodule" for more information.
student@T11:~/asha_repo/repo3$ git status
On branch master
Your branch is behind 'origin/master' by 2 commits, and can be fast-forwarded.
  (use "git pull" to update your local branch)

Changes to be committed:
  (use "git reset HEAD <file>..." to unstage)

	modified:   file3.txt
	new file:   repo3

Changes not staged for commit:
  (use "git add <file>..." to update what will be committed)
  (use "git checkout -- <file>..." to discard changes in working directory)

	modified:   file3.txt

student@T11:~/asha_repo/repo3$ git add file3.txt
student@T11:~/asha_repo/repo3$ git commit 
Aborting commit due to empty commit message.
student@T11:~/asha_repo/repo3$ git commit -m "commit"
[master a04ec6b] commit
 2 files changed, 2 insertions(+)
 create mode 160000 repo3
student@T11:~/asha_repo/repo3$ git push origin master
Username for 'https://github.com': ashamarysibi
Password for 'https://ashamarysibi@github.com': 
To https://github.com/ashamarysibi/repo3.git
 ! [rejected]        master -> master (non-fast-forward)
error: failed to push some refs to 'https://github.com/ashamarysibi/repo3.git'
hint: Updates were rejected because the tip of your current branch is behind
hint: its remote counterpart. Integrate the remote changes (e.g.
hint: 'git pull ...') before pushing again.
hint: See the 'Note about fast-forwards' in 'git push --help' for details.
student@T11:~/asha_repo/repo3$ git remote add origin https://github.com/ashamarysibi/repo3.git
fatal: remote origin already exists.
student@T11:~/asha_repo/repo3$ git remote add org https://github.com/ashamarysibi/repo3.git
student@T11:~/asha_repo/repo3$ git push org master
Username for 'https://github.com': ashamarysibi
Password for 'https://ashamarysibi@github.com': 
To https://github.com/ashamarysibi/repo3.git
 ! [rejected]        master -> master (non-fast-forward)
error: failed to push some refs to 'https://github.com/ashamarysibi/repo3.git'
hint: Updates were rejected because the tip of your current branch is behind
hint: its remote counterpart. Integrate the remote changes (e.g.
hint: 'git pull ...') before pushing again.
hint: See the 'Note about fast-forwards' in 'git push --help' for details.
student@T11:~/asha_repo/repo3$ git push origin master
Username for 'https://github.com': ashamarysibi
Password for 'https://ashamarysibi@github.com': 
To https://github.com/ashamarysibi/repo3.git
 ! [rejected]        master -> master (non-fast-forward)
error: failed to push some refs to 'https://github.com/ashamarysibi/repo3.git'
hint: Updates were rejected because the tip of your current branch is behind
hint: its remote counterpart. Integrate the remote changes (e.g.
hint: 'git pull ...') before pushing again.
hint: See the 'Note about fast-forwards' in 'git push --help' for details.
student@T11:~/asha_repo/repo3$ git push --help
student@T11:~/asha_repo/repo3$ git pull origin master
Username for 'https://github.com': ashamarysibi
Password for 'https://ashamarysibi@github.com': 
From https://github.com/ashamarysibi/repo3
 * branch            master     -> FETCH_HEAD
Auto-merging file3.txt
CONFLICT (content): Merge conflict in file3.txt
Automatic merge failed; fix conflicts and then commit the result.
student@T11:~/asha_repo/repo3$ git fetch origin master
Username for 'https://github.com': ashamarysibi
Password for 'https://ashamarysibi@github.com': 
remote: Enumerating objects: 4, done.
remote: Counting objects: 100% (4/4), done.
remote: Compressing objects: 100% (2/2), done.
remote: Total 3 (delta 0), reused 0 (delta 0), pack-reused 0
Unpacking objects: 100% (3/3), done.
From https://github.com/ashamarysibi/repo3
 * branch            master     -> FETCH_HEAD
   d9ca44c..c74c196  master     -> origin/master
student@T11:~/asha_repo/repo3$ git merge origin/master
error: Merging is not possible because you have unmerged files.
hint: Fix them up in the work tree, and then use 'git add/rm <file>'
hint: as appropriate to mark resolution and make a commit.
fatal: Exiting because of an unresolved conflict.
student@T11:~/asha_repo/repo3$ git branch -b newbr
error: unknown switch `b'
usage: git branch [<options>] [-r | -a] [--merged | --no-merged]
   or: git branch [<options>] [-l] [-f] <branch-name> [<start-point>]
   or: git branch [<options>] [-r] (-d | -D) <branch-name>...
   or: git branch [<options>] (-m | -M) [<old-branch>] <new-branch>
   or: git branch [<options>] (-c | -C) [<old-branch>] <new-branch>
   or: git branch [<options>] [-r | -a] [--points-at]
   or: git branch [<options>] [-r | -a] [--format]

Generic options
    -v, --verbose         show hash and subject, give twice for upstream branch
    -q, --quiet           suppress informational messages
    -t, --track           set up tracking mode (see git-pull(1))
    -u, --set-upstream-to <upstream>
                          change the upstream info
    --unset-upstream      Unset the upstream info
    --color[=<when>]      use colored output
    -r, --remotes         act on remote-tracking branches
    --contains <commit>   print only branches that contain the commit
    --no-contains <commit>
                          print only branches that don't contain the commit
    --abbrev[=<n>]        use <n> digits to display SHA-1s

Specific git-branch actions:
    -a, --all             list both remote-tracking and local branches
    -d, --delete          delete fully merged branch
    -D                    delete branch (even if not merged)
    -m, --move            move/rename a branch and its reflog
    -M                    move/rename a branch, even if target exists
    -c, --copy            copy a branch and its reflog
    -C                    copy a branch, even if target exists
    --list                list branch names
    -l, --create-reflog   create the branch's reflog
    --edit-description    edit the description for the branch
    -f, --force           force creation, move/rename, deletion
    --merged <commit>     print only branches that are merged
    --no-merged <commit>  print only branches that are not merged
    --column[=<style>]    list branches in columns
    --sort <key>          field name to sort on
    --points-at <object>  print only branches of the object
    -i, --ignore-case     sorting and filtering are case insensitive
    --format <format>     format to use for the output

student@T11:~/asha_repo/repo3$ git branch  newbr
student@T11:~/asha_repo/repo3$ git checkout newbr
file3.txt: needs merge
error: you need to resolve your current index first
student@T11:~/asha_repo/repo3$ https://github.com/ashamarysibi/repo3

